
CDmetaPOP Release 2025.07.28-09:09:09 Version version 3.08

Author(s): Erin L Landguth, Casey Day, et al.

Session runtime inputs from: Gaussian/inputs//RunVars.csv


Session popvars inputs from: popvars/PopVars.csv


Parallel processing across Monte Carlo replicates started across 1 cores.


On run: 0


DoPreProcess(): 0:00:00.073111
GetMetrics() Initial: 0:00:00.007191
The file ind-1.csv has been created
DoUpdate(): 0:00:00.045411
DoCDClimate(): 0:00:00.005063
DoMate() and DoOffspring: 0:00:00.076007
The file ind0.csv has been created
Second DoUpdate(): 0:00:00.065911
DoEmigration(): 0:00:00.238689
DoOutMortality(): 0:00:00.023281
The file ind0.csv has been created
Third DoUpdate(): 0:00:00.055855
DoImmigration(): 0:00:00.093358
DoInMortality(): 0:00:00.024371
GetMetrics(): 0:00:00.009947
End Generation/Year Loop0: 0:00:00.618272

DoCDClimate(): 0:00:00.003597
DoMate() and DoOffspring: 0:00:00.036407
The file ind1.csv has been created
Second DoUpdate(): 0:00:00.039461
DoEmigration(): 0:00:00.191393
DoOutMortality(): 0:00:00.013750
The file ind1.csv has been created
Third DoUpdate(): 0:00:00.244073
DoImmigration(): 0:00:00.092388
DoInMortality(): 0:00:00.022739
GetMetrics(): 0:00:00.008713
End Generation/Year Loop1: 0:00:00.654142

DoCDClimate(): 0:00:00.001091
DoMate() and DoOffspring: 0:00:00.040431
The file ind2.csv has been created
Second DoUpdate(): 0:00:00.038035
DoEmigration(): 0:00:00.195243
DoOutMortality(): 0:00:00.017793
The file ind2.csv has been created
Third DoUpdate(): 0:00:00.059558
DoImmigration(): 0:00:00.090221
DoInMortality(): 0:00:00.023379
GetMetrics(): 0:00:00.008740
End Generation/Year Loop2: 0:00:00.476762

DoCDClimate(): 0:00:00.001114
DoMate() and DoOffspring: 0:00:00.028884
The file ind3.csv has been created
Second DoUpdate(): 0:00:00.036504
DoEmigration(): 0:00:00.167658
DoOutMortality(): 0:00:00.017677
The file ind3.csv has been created
Third DoUpdate(): 0:00:00.055244
DoImmigration(): 0:00:00.089919
DoInMortality(): 0:00:00.022712
GetMetrics(): 0:00:00.008296
End Generation/Year Loop3: 0:00:00.428982

DoCDClimate(): 0:00:00.001890
DoMate() and DoOffspring: 0:00:00.049138
The file ind4.csv has been created
Second DoUpdate(): 0:00:00.031648
DoEmigration(): 0:00:00.207153
DoOutMortality(): 0:00:00.017446
The file ind4.csv has been created
Third DoUpdate(): 0:00:00.056772
DoImmigration(): 0:00:00.092277
DoInMortality(): 0:00:00.022821
GetMetrics(): 0:00:00.008042
End Generation/Year Loop4: 0:00:00.488183

DoCDClimate(): 0:00:00.001657
DoMate() and DoOffspring: 0:00:00.025169
The file ind5.csv has been created
Second DoUpdate(): 0:00:00.041842
DoEmigration(): 0:00:00.165760
DoOutMortality(): 0:00:00.016558
The file ind5.csv has been created
Third DoUpdate(): 0:00:00.061228
DoImmigration(): 0:00:00.091914
DoInMortality(): 0:00:00.022571
GetMetrics(): 0:00:00.008752
End Generation/Year Loop5: 0:00:00.436178

DoCDClimate(): 0:00:00.000904
DoMate() and DoOffspring: 0:00:00.051047
The file ind6.csv has been created
Second DoUpdate(): 0:00:00.040139
DoEmigration(): 0:00:00.215891
DoOutMortality(): 0:00:00.017574
The file ind6.csv has been created
Third DoUpdate(): 0:00:00.056253
DoImmigration(): 0:00:00.091011
DoInMortality(): 0:00:00.020980
GetMetrics(): 0:00:00.008820
End Generation/Year Loop6: 0:00:00.503734

DoCDClimate(): 0:00:00.001145
DoMate() and DoOffspring: 0:00:00.021679
The file ind7.csv has been created
Second DoUpdate(): 0:00:00.036530
DoEmigration(): 0:00:00.136220
DoOutMortality(): 0:00:00.022235
The file ind7.csv has been created
Third DoUpdate(): 0:00:00.057258
DoImmigration(): 0:00:00.091665
DoInMortality(): 0:00:00.022094
GetMetrics(): 0:00:00.008892
End Generation/Year Loop7: 0:00:00.398976

DoCDClimate(): 0:00:00.000892
DoMate() and DoOffspring: 0:00:00.053864
The file ind8.csv has been created
Second DoUpdate(): 0:00:00.043480
DoEmigration(): 0:00:00.219459
DoOutMortality(): 0:00:00.016911
The file ind8.csv has been created
Third DoUpdate(): 0:00:00.055163
DoImmigration(): 0:00:00.092041
DoInMortality(): 0:00:00.022290
GetMetrics(): 0:00:00.008664
End Generation/Year Loop8: 0:00:00.513530

DoCDClimate(): 0:00:00.000900
DoMate() and DoOffspring: 0:00:00.022483
The file ind9.csv has been created
Second DoUpdate(): 0:00:00.041597
DoEmigration(): 0:00:00.163852
DoOutMortality(): 0:00:00.017330
The file ind9.csv has been created
Third DoUpdate(): 0:00:00.056045
DoImmigration(): 0:00:00.093864
DoInMortality(): 0:00:00.021411
GetMetrics(): 0:00:00.009236
End Generation/Year Loop9: 0:00:00.428282

The file summary_popAllTime.csv has been created
The file summary_classAllTime.csv has been created
DoPostProcess(): 0:00:00.003084
End Monte Carlo Loop0: 0:00:05.081582

DoPreProcess(): 0:00:00.067348
GetMetrics() Initial: 0:00:00.009251
The file ind-1.csv has been created
DoUpdate(): 0:00:00.031310
DoCDClimate(): 0:00:00.008985
DoMate() and DoOffspring: 0:00:00.044294
The file ind0.csv has been created
Second DoUpdate(): 0:00:00.043959
DoEmigration(): 0:00:00.212317
DoOutMortality(): 0:00:00.013745
The file ind0.csv has been created
Third DoUpdate(): 0:00:00.053253
DoImmigration(): 0:00:00.091100
DoInMortality(): 0:00:00.021947
GetMetrics(): 0:00:00.008442
End Generation/Year Loop0: 0:00:00.509323

DoCDClimate(): 0:00:00.001127
DoMate() and DoOffspring: 0:00:00.026163
The file ind1.csv has been created
Second DoUpdate(): 0:00:00.040793
DoEmigration(): 0:00:00.168271
DoOutMortality(): 0:00:00.016849
The file ind1.csv has been created
Third DoUpdate(): 0:00:00.054017
DoImmigration(): 0:00:00.093531
DoInMortality(): 0:00:00.022506
GetMetrics(): 0:00:00.008974
End Generation/Year Loop1: 0:00:00.433497

DoCDClimate(): 0:00:00.001425
DoMate() and DoOffspring: 0:00:00.044381
The file ind2.csv has been created
Second DoUpdate(): 0:00:00.035437
DoEmigration(): 0:00:00.203462
DoOutMortality(): 0:00:00.017371
The file ind2.csv has been created
Third DoUpdate(): 0:00:00.057573
DoImmigration(): 0:00:00.091000
DoInMortality(): 0:00:00.022663
GetMetrics(): 0:00:00.009073
End Generation/Year Loop2: 0:00:00.483479

DoCDClimate(): 0:00:00.001514
DoMate() and DoOffspring: 0:00:00.028209
The file ind3.csv has been created
Second DoUpdate(): 0:00:00.035843
DoEmigration(): 0:00:00.156641
DoOutMortality(): 0:00:00.017821
The file ind3.csv has been created
Third DoUpdate(): 0:00:00.057324
DoImmigration(): 0:00:00.090136
DoInMortality(): 0:00:00.024488
GetMetrics(): 0:00:00.008527
End Generation/Year Loop3: 0:00:00.421804

DoCDClimate(): 0:00:00.001489
DoMate() and DoOffspring: 0:00:00.051950
The file ind4.csv has been created
Second DoUpdate(): 0:00:00.038875
DoEmigration(): 0:00:00.219662
DoOutMortality(): 0:00:00.016024
The file ind4.csv has been created
Third DoUpdate(): 0:00:00.054787
DoImmigration(): 0:00:00.092785
DoInMortality(): 0:00:00.021460
GetMetrics(): 0:00:00.008836
End Generation/Year Loop4: 0:00:00.507246

DoCDClimate(): 0:00:00.001476
DoMate() and DoOffspring: 0:00:00.021970
The file ind5.csv has been created
Second DoUpdate(): 0:00:00.040398
DoEmigration(): 0:00:00.138245
DoOutMortality(): 0:00:00.017691
The file ind5.csv has been created
Third DoUpdate(): 0:00:00.056044
DoImmigration(): 0:00:00.090900
DoInMortality(): 0:00:00.022689
GetMetrics(): 0:00:00.008668
End Generation/Year Loop5: 0:00:00.399144

DoCDClimate(): 0:00:00.000901
DoMate() and DoOffspring: 0:00:00.052966
The file ind6.csv has been created
Second DoUpdate(): 0:00:00.042794
DoEmigration(): 0:00:00.228203
DoOutMortality(): 0:00:00.017344
The file ind6.csv has been created
Third DoUpdate(): 0:00:00.056561
DoImmigration(): 0:00:00.091214
DoInMortality(): 0:00:00.020393
GetMetrics(): 0:00:00.008328
End Generation/Year Loop6: 0:00:00.520279

DoCDClimate(): 0:00:00.001278
DoMate() and DoOffspring: 0:00:00.020880
The file ind7.csv has been created
Second DoUpdate(): 0:00:00.043742
DoEmigration(): 0:00:00.134718
DoOutMortality(): 0:00:00.017604
The file ind7.csv has been created
Third DoUpdate(): 0:00:00.055947
DoImmigration(): 0:00:00.091695
DoInMortality(): 0:00:00.023077
GetMetrics(): 0:00:00.008790
End Generation/Year Loop7: 0:00:00.398706

DoCDClimate(): 0:00:00.001249
DoMate() and DoOffspring: 0:00:00.063806
The file ind8.csv has been created
Second DoUpdate(): 0:00:00.042994
DoEmigration(): 0:00:00.237260
DoOutMortality(): 0:00:00.016088
The file ind8.csv has been created
Third DoUpdate(): 0:00:00.056242
DoImmigration(): 0:00:00.087082
DoInMortality(): 0:00:00.020465
GetMetrics(): 0:00:00.009708
End Generation/Year Loop8: 0:00:00.536051

DoCDClimate(): 0:00:00.000883
DoMate() and DoOffspring: 0:00:00.017623
The file ind9.csv has been created
Second DoUpdate(): 0:00:00.046348
DoEmigration(): 0:00:00.123439
DoOutMortality(): 0:00:00.018363
The file ind9.csv has been created
Third DoUpdate(): 0:00:00.055661
DoImmigration(): 0:00:00.091949
DoInMortality(): 0:00:00.023368
GetMetrics(): 0:00:00.009050
End Generation/Year Loop9: 0:00:00.388252

The file summary_popAllTime.csv has been created
The file summary_classAllTime.csv has been created
DoPostProcess(): 0:00:00.002610
End Monte Carlo Loop1: 0:00:04.712766

DoPreProcess(): 0:00:00.065977
GetMetrics() Initial: 0:00:00.010036
The file ind-1.csv has been created
DoUpdate(): 0:00:00.027636
DoCDClimate(): 0:00:00.003227
DoMate() and DoOffspring: 0:00:00.059763
The file ind0.csv has been created
Second DoUpdate(): 0:00:00.042858
DoEmigration(): 0:00:00.221357
DoOutMortality(): 0:00:00.013711
The file ind0.csv has been created
Third DoUpdate(): 0:00:00.053175
DoImmigration(): 0:00:00.090840
DoInMortality(): 0:00:00.022156
GetMetrics(): 0:00:00.008486
End Generation/Year Loop0: 0:00:00.526080

DoCDClimate(): 0:00:00.001346
DoMate() and DoOffspring: 0:00:00.025817
The file ind1.csv has been created
Second DoUpdate(): 0:00:00.043908
DoEmigration(): 0:00:00.159906
DoOutMortality(): 0:00:00.016706
The file ind1.csv has been created
Third DoUpdate(): 0:00:00.054684
DoImmigration(): 0:00:00.089618
DoInMortality(): 0:00:00.021378
GetMetrics(): 0:00:00.008917
End Generation/Year Loop1: 0:00:00.423808

DoCDClimate(): 0:00:00.001161
DoMate() and DoOffspring: 0:00:00.044548
The file ind2.csv has been created
Second DoUpdate(): 0:00:00.041465
DoEmigration(): 0:00:00.205938
DoOutMortality(): 0:00:00.017361
The file ind2.csv has been created
Third DoUpdate(): 0:00:00.054451
DoImmigration(): 0:00:00.092075
DoInMortality(): 0:00:00.022439
GetMetrics(): 0:00:00.010062
End Generation/Year Loop2: 0:00:00.491991

DoCDClimate(): 0:00:00.001098
DoMate() and DoOffspring: 0:00:00.024360
The file ind3.csv has been created
Second DoUpdate(): 0:00:00.042433
DoEmigration(): 0:00:00.159122
DoOutMortality(): 0:00:00.017400
The file ind3.csv has been created
Third DoUpdate(): 0:00:00.054355
DoImmigration(): 0:00:00.090828
DoInMortality(): 0:00:00.022676
GetMetrics(): 0:00:00.008466
End Generation/Year Loop3: 0:00:00.422157

DoCDClimate(): 0:00:00.001338
DoMate() and DoOffspring: 0:00:00.045818
The file ind4.csv has been created
Second DoUpdate(): 0:00:00.036026
DoEmigration(): 0:00:00.214146
DoOutMortality(): 0:00:00.017310
The file ind4.csv has been created
Third DoUpdate(): 0:00:00.055415
DoImmigration(): 0:00:00.091953
DoInMortality(): 0:00:00.021766
GetMetrics(): 0:00:00.008497
End Generation/Year Loop4: 0:00:00.493743

DoCDClimate(): 0:00:00.001488
DoMate() and DoOffspring: 0:00:00.025285
The file ind5.csv has been created
Second DoUpdate(): 0:00:00.037943
DoEmigration(): 0:00:00.186122
DoOutMortality(): 0:00:00.021858
The file ind5.csv has been created
Third DoUpdate(): 0:00:00.067181
DoImmigration(): 0:00:00.094697
DoInMortality(): 0:00:00.022597
GetMetrics(): 0:00:00.009650
End Generation/Year Loop5: 0:00:00.468142

DoCDClimate(): 0:00:00.001310
DoMate() and DoOffspring: 0:00:00.053612
The file ind6.csv has been created
Second DoUpdate(): 0:00:00.040539
DoEmigration(): 0:00:00.233551
DoOutMortality(): 0:00:00.026528
The file ind6.csv has been created
Third DoUpdate(): 0:00:00.054687
DoImmigration(): 0:00:00.091336
DoInMortality(): 0:00:00.021217
GetMetrics(): 0:00:00.008217
End Generation/Year Loop6: 0:00:00.532933

DoCDClimate(): 0:00:00.001106
DoMate() and DoOffspring: 0:00:00.020461
The file ind7.csv has been created
Second DoUpdate(): 0:00:00.047124
DoEmigration(): 0:00:00.137575
DoOutMortality(): 0:00:00.015712
The file ind7.csv has been created
Third DoUpdate(): 0:00:00.056231
DoImmigration(): 0:00:00.094262
DoInMortality(): 0:00:00.021654
GetMetrics(): 0:00:00.009025
End Generation/Year Loop7: 0:00:00.404726

DoCDClimate(): 0:00:00.000904
DoMate() and DoOffspring: 0:00:00.060041
The file ind8.csv has been created
Second DoUpdate(): 0:00:00.039731
DoEmigration(): 0:00:00.228218
DoOutMortality(): 0:00:00.018421
The file ind8.csv has been created
Third DoUpdate(): 0:00:00.059135
DoImmigration(): 0:00:00.093190
DoInMortality(): 0:00:00.022404
GetMetrics(): 0:00:00.009447
End Generation/Year Loop8: 0:00:00.533508

DoCDClimate(): 0:00:00.001630
DoMate() and DoOffspring: 0:00:00.017003
The file ind9.csv has been created
Second DoUpdate(): 0:00:00.043899
DoEmigration(): 0:00:00.128401
DoOutMortality(): 0:00:00.015704
The file ind9.csv has been created
Third DoUpdate(): 0:00:00.056901
DoImmigration(): 0:00:00.090843
DoInMortality(): 0:00:00.022149
GetMetrics(): 0:00:00.009013
End Generation/Year Loop9: 0:00:00.386897

The file summary_popAllTime.csv has been created
The file summary_classAllTime.csv has been created
DoPostProcess(): 0:00:00.002678
End Monte Carlo Loop2: 0:00:04.792664

