
CDmetaPOP Release 2025.07.28-09:09:09 Version version 3.08

Author(s): Erin L Landguth, Casey Day, et al.

Session runtime inputs from: Exponential/inputs//RunVars.csv


Session popvars inputs from: popvars/PopVars.csv


Parallel processing across Monte Carlo replicates started across 1 cores.


On run: 0


DoPreProcess(): 0:00:00.088052
GetMetrics() Initial: 0:00:00.008486
The file ind-1.csv has been created
DoUpdate(): 0:00:00.031254
DoCDClimate(): 0:00:00.003733
DoMate() and DoOffspring: 0:00:00.091505
The file ind0.csv has been created
Second DoUpdate(): 0:00:00.097438
DoEmigration(): 0:00:00.293326
DoOutMortality(): 0:00:00.011006
The file ind0.csv has been created
Third DoUpdate(): 0:00:00.069984
DoImmigration(): 0:00:00.108942
DoInMortality(): 0:00:00.015480
GetMetrics(): 0:00:00.008741
End Generation/Year Loop0: 0:00:00.716685

DoCDClimate(): 0:00:00.000942
DoMate() and DoOffspring: 0:00:00.036422
The file ind1.csv has been created
Second DoUpdate(): 0:00:00.043445
DoEmigration(): 0:00:00.214270
DoOutMortality(): 0:00:00.013114
The file ind1.csv has been created
Third DoUpdate(): 0:00:00.055446
DoImmigration(): 0:00:00.090367
DoInMortality(): 0:00:00.019411
GetMetrics(): 0:00:00.008176
End Generation/Year Loop1: 0:00:00.487151

DoCDClimate(): 0:00:00.000869
DoMate() and DoOffspring: 0:00:00.029074
The file ind2.csv has been created
Second DoUpdate(): 0:00:00.052380
DoEmigration(): 0:00:00.215795
DoOutMortality(): 0:00:00.015421
The file ind2.csv has been created
Third DoUpdate(): 0:00:00.055941
DoImmigration(): 0:00:00.092742
DoInMortality(): 0:00:00.021729
GetMetrics(): 0:00:00.008096
End Generation/Year Loop2: 0:00:00.493487

DoCDClimate(): 0:00:00.001128
DoMate() and DoOffspring: 0:00:00.032349
The file ind3.csv has been created
Second DoUpdate(): 0:00:00.038095
DoEmigration(): 0:00:00.199989
DoOutMortality(): 0:00:00.014772
The file ind3.csv has been created
Third DoUpdate(): 0:00:00.055511
DoImmigration(): 0:00:00.089786
DoInMortality(): 0:00:00.020853
GetMetrics(): 0:00:00.007820
End Generation/Year Loop3: 0:00:00.462667

DoCDClimate(): 0:00:00.001197
DoMate() and DoOffspring: 0:00:00.025765
The file ind4.csv has been created
Second DoUpdate(): 0:00:00.032636
DoEmigration(): 0:00:00.175730
DoOutMortality(): 0:00:00.015691
The file ind4.csv has been created
Third DoUpdate(): 0:00:00.055758
DoImmigration(): 0:00:00.090479
DoInMortality(): 0:00:00.020050
GetMetrics(): 0:00:00.007956
End Generation/Year Loop4: 0:00:00.427018

DoCDClimate(): 0:00:00.001302
DoMate() and DoOffspring: 0:00:00.031300
The file ind5.csv has been created
Second DoUpdate(): 0:00:00.031410
DoEmigration(): 0:00:00.208821
DoOutMortality(): 0:00:00.015857
The file ind5.csv has been created
Third DoUpdate(): 0:00:00.054363
DoImmigration(): 0:00:00.089836
DoInMortality(): 0:00:00.018366
GetMetrics(): 0:00:00.008721
End Generation/Year Loop5: 0:00:00.461270

DoCDClimate(): 0:00:00.001342
DoMate() and DoOffspring: 0:00:00.024490
The file ind6.csv has been created
Second DoUpdate(): 0:00:00.038853
DoEmigration(): 0:00:00.158308
DoOutMortality(): 0:00:00.017114
The file ind6.csv has been created
Third DoUpdate(): 0:00:00.054680
DoImmigration(): 0:00:00.094855
DoInMortality(): 0:00:00.021458
GetMetrics(): 0:00:00.009138
End Generation/Year Loop6: 0:00:00.421504

DoCDClimate(): 0:00:00.001466
DoMate() and DoOffspring: 0:00:00.045369
The file ind7.csv has been created
Second DoUpdate(): 0:00:00.038815
DoEmigration(): 0:00:00.210037
DoOutMortality(): 0:00:00.016254
The file ind7.csv has been created
Third DoUpdate(): 0:00:00.055234
DoImmigration(): 0:00:00.093980
DoInMortality(): 0:00:00.021251
GetMetrics(): 0:00:00.008635
End Generation/Year Loop7: 0:00:00.491451

DoCDClimate(): 0:00:00.001478
DoMate() and DoOffspring: 0:00:00.022215
The file ind8.csv has been created
Second DoUpdate(): 0:00:00.041310
DoEmigration(): 0:00:00.125279
DoOutMortality(): 0:00:00.017052
The file ind8.csv has been created
Third DoUpdate(): 0:00:00.052200
DoImmigration(): 0:00:00.083394
DoInMortality(): 0:00:00.020254
GetMetrics(): 0:00:00.007469
End Generation/Year Loop8: 0:00:00.371198

DoCDClimate(): 0:00:00.001442
DoMate() and DoOffspring: 0:00:00.058300
The file ind9.csv has been created
Second DoUpdate(): 0:00:00.042566
DoEmigration(): 0:00:00.232975
DoOutMortality(): 0:00:00.015879
The file ind9.csv has been created
Third DoUpdate(): 0:00:00.056076
DoImmigration(): 0:00:00.091140
DoInMortality(): 0:00:00.019770
GetMetrics(): 0:00:00.007269
End Generation/Year Loop9: 0:00:00.525998

The file summary_popAllTime.csv has been created
The file summary_classAllTime.csv has been created
DoPostProcess(): 0:00:00.003463
End Monte Carlo Loop0: 0:00:05.002841

DoPreProcess(): 0:00:00.059697
GetMetrics() Initial: 0:00:00.006913
The file ind-1.csv has been created
DoUpdate(): 0:00:00.033539
DoCDClimate(): 0:00:00.007576
DoMate() and DoOffspring: 0:00:00.047792
The file ind0.csv has been created
Second DoUpdate(): 0:00:00.048408
DoEmigration(): 0:00:00.214201
DoOutMortality(): 0:00:00.009858
The file ind0.csv has been created
Third DoUpdate(): 0:00:00.058231
DoImmigration(): 0:00:00.091042
DoInMortality(): 0:00:00.018690
GetMetrics(): 0:00:00.008396
End Generation/Year Loop0: 0:00:00.536375

DoCDClimate(): 0:00:00.001514
DoMate() and DoOffspring: 0:00:00.026694
The file ind1.csv has been created
Second DoUpdate(): 0:00:00.036771
DoEmigration(): 0:00:00.145441
DoOutMortality(): 0:00:00.016091
The file ind1.csv has been created
Third DoUpdate(): 0:00:00.055199
DoImmigration(): 0:00:00.089927
DoInMortality(): 0:00:00.019981
GetMetrics(): 0:00:00.009221
End Generation/Year Loop1: 0:00:00.402071

DoCDClimate(): 0:00:00.000977
DoMate() and DoOffspring: 0:00:00.049222
The file ind2.csv has been created
Second DoUpdate(): 0:00:00.037885
DoEmigration(): 0:00:00.211609
DoOutMortality(): 0:00:00.015544
The file ind2.csv has been created
Third DoUpdate(): 0:00:00.055756
DoImmigration(): 0:00:00.090142
DoInMortality(): 0:00:00.020358
GetMetrics(): 0:00:00.007723
End Generation/Year Loop2: 0:00:00.490448

DoCDClimate(): 0:00:00.001301
DoMate() and DoOffspring: 0:00:00.020126
The file ind3.csv has been created
Second DoUpdate(): 0:00:00.038948
DoEmigration(): 0:00:00.128762
DoOutMortality(): 0:00:00.015413
The file ind3.csv has been created
Third DoUpdate(): 0:00:00.053260
DoImmigration(): 0:00:00.084404
DoInMortality(): 0:00:00.021236
GetMetrics(): 0:00:00.007840
End Generation/Year Loop3: 0:00:00.372602

DoCDClimate(): 0:00:00.001650
DoMate() and DoOffspring: 0:00:00.046419
The file ind4.csv has been created
Second DoUpdate(): 0:00:00.034802
DoEmigration(): 0:00:00.213623
DoOutMortality(): 0:00:00.016720
The file ind4.csv has been created
Third DoUpdate(): 0:00:00.057952
DoImmigration(): 0:00:00.091482
DoInMortality(): 0:00:00.019552
GetMetrics(): 0:00:00.008233
End Generation/Year Loop4: 0:00:00.491553

DoCDClimate(): 0:00:00.000948
DoMate() and DoOffspring: 0:00:00.020556
The file ind5.csv has been created
Second DoUpdate(): 0:00:00.035155
DoEmigration(): 0:00:00.139375
DoOutMortality(): 0:00:00.016050
The file ind5.csv has been created
Third DoUpdate(): 0:00:00.054174
DoImmigration(): 0:00:00.091883
DoInMortality(): 0:00:00.023315
GetMetrics(): 0:00:00.009845
End Generation/Year Loop5: 0:00:00.392359

DoCDClimate(): 0:00:00.002143
DoMate() and DoOffspring: 0:00:00.058043
The file ind6.csv has been created
Second DoUpdate(): 0:00:00.043017
DoEmigration(): 0:00:00.273256
DoOutMortality(): 0:00:00.016612
The file ind6.csv has been created
Third DoUpdate(): 0:00:00.056664
DoImmigration(): 0:00:00.095003
DoInMortality(): 0:00:00.029928
GetMetrics(): 0:00:00.008301
End Generation/Year Loop6: 0:00:00.591868

DoCDClimate(): 0:00:00.001257
DoMate() and DoOffspring: 0:00:00.021100
The file ind7.csv has been created
Second DoUpdate(): 0:00:00.045938
DoEmigration(): 0:00:00.138218
DoOutMortality(): 0:00:00.014960
The file ind7.csv has been created
Third DoUpdate(): 0:00:00.052243
DoImmigration(): 0:00:00.084753
DoInMortality(): 0:00:00.020060
GetMetrics(): 0:00:00.007351
End Generation/Year Loop7: 0:00:00.387019

DoCDClimate(): 0:00:00.001127
DoMate() and DoOffspring: 0:00:00.057898
The file ind8.csv has been created
Second DoUpdate(): 0:00:00.038621
DoEmigration(): 0:00:00.237284
DoOutMortality(): 0:00:00.016889
The file ind8.csv has been created
Third DoUpdate(): 0:00:00.057166
DoImmigration(): 0:00:00.091001
DoInMortality(): 0:00:00.020823
GetMetrics(): 0:00:00.007169
End Generation/Year Loop8: 0:00:00.528951

DoCDClimate(): 0:00:00.001450
DoMate() and DoOffspring: 0:00:00.019477
The file ind9.csv has been created
Second DoUpdate(): 0:00:00.036958
DoEmigration(): 0:00:00.132673
DoOutMortality(): 0:00:00.017049
The file ind9.csv has been created
Third DoUpdate(): 0:00:00.057036
DoImmigration(): 0:00:00.089421
DoInMortality(): 0:00:00.021064
GetMetrics(): 0:00:00.008232
End Generation/Year Loop9: 0:00:00.384711

The file summary_popAllTime.csv has been created
The file summary_classAllTime.csv has been created
DoPostProcess(): 0:00:00.002984
End Monte Carlo Loop1: 0:00:04.685951

DoPreProcess(): 0:00:00.070162
GetMetrics() Initial: 0:00:00.006831
The file ind-1.csv has been created
DoUpdate(): 0:00:00.029713
DoCDClimate(): 0:00:00.002561
DoMate() and DoOffspring: 0:00:00.055586
The file ind0.csv has been created
Second DoUpdate(): 0:00:00.043135
DoEmigration(): 0:00:00.214786
DoOutMortality(): 0:00:00.009939
The file ind0.csv has been created
Third DoUpdate(): 0:00:00.053369
DoImmigration(): 0:00:00.088642
DoInMortality(): 0:00:00.018253
GetMetrics(): 0:00:00.008165
End Generation/Year Loop0: 0:00:00.496436

DoCDClimate(): 0:00:00.001071
DoMate() and DoOffspring: 0:00:00.023775
The file ind1.csv has been created
Second DoUpdate(): 0:00:00.034306
DoEmigration(): 0:00:00.144945
DoOutMortality(): 0:00:00.016546
The file ind1.csv has been created
Third DoUpdate(): 0:00:00.057636
DoImmigration(): 0:00:00.087549
DoInMortality(): 0:00:00.019866
GetMetrics(): 0:00:00.007888
End Generation/Year Loop1: 0:00:00.394741

DoCDClimate(): 0:00:00.001150
DoMate() and DoOffspring: 0:00:00.048849
The file ind2.csv has been created
Second DoUpdate(): 0:00:00.033413
DoEmigration(): 0:00:00.208651
DoOutMortality(): 0:00:00.017029
The file ind2.csv has been created
Third DoUpdate(): 0:00:00.054500
DoImmigration(): 0:00:00.091868
DoInMortality(): 0:00:00.019798
GetMetrics(): 0:00:00.008042
End Generation/Year Loop2: 0:00:00.484434

DoCDClimate(): 0:00:00.000908
DoMate() and DoOffspring: 0:00:00.023224
The file ind3.csv has been created
Second DoUpdate(): 0:00:00.036460
DoEmigration(): 0:00:00.137740
DoOutMortality(): 0:00:00.016372
The file ind3.csv has been created
Third DoUpdate(): 0:00:00.056039
DoImmigration(): 0:00:00.089509
DoInMortality(): 0:00:00.021648
GetMetrics(): 0:00:00.008338
End Generation/Year Loop3: 0:00:00.391698

DoCDClimate(): 0:00:00.001387
DoMate() and DoOffspring: 0:00:00.051779
The file ind4.csv has been created
Second DoUpdate(): 0:00:00.033310
DoEmigration(): 0:00:00.210522
DoOutMortality(): 0:00:00.016416
The file ind4.csv has been created
Third DoUpdate(): 0:00:00.056918
DoImmigration(): 0:00:00.090210
DoInMortality(): 0:00:00.019944
GetMetrics(): 0:00:00.008730
End Generation/Year Loop4: 0:00:00.490646

DoCDClimate(): 0:00:00.001556
DoMate() and DoOffspring: 0:00:00.019729
The file ind5.csv has been created
Second DoUpdate(): 0:00:00.037784
DoEmigration(): 0:00:00.113636
DoOutMortality(): 0:00:00.017754
The file ind5.csv has been created
Third DoUpdate(): 0:00:00.051771
DoImmigration(): 0:00:00.088348
DoInMortality(): 0:00:00.021702
GetMetrics(): 0:00:00.008604
End Generation/Year Loop5: 0:00:00.361967

DoCDClimate(): 0:00:00.001433
DoMate() and DoOffspring: 0:00:00.053428
The file ind6.csv has been created
Second DoUpdate(): 0:00:00.042548
DoEmigration(): 0:00:00.215977
DoOutMortality(): 0:00:00.015233
The file ind6.csv has been created
Third DoUpdate(): 0:00:00.053433
DoImmigration(): 0:00:00.091246
DoInMortality(): 0:00:00.021331
GetMetrics(): 0:00:00.008286
End Generation/Year Loop6: 0:00:00.504015

DoCDClimate(): 0:00:00.001059
DoMate() and DoOffspring: 0:00:00.024986
The file ind7.csv has been created
Second DoUpdate(): 0:00:00.035547
DoEmigration(): 0:00:00.166901
DoOutMortality(): 0:00:00.014987
The file ind7.csv has been created
Third DoUpdate(): 0:00:00.055730
DoImmigration(): 0:00:00.088129
DoInMortality(): 0:00:00.018698
GetMetrics(): 0:00:00.007896
End Generation/Year Loop7: 0:00:00.415426

DoCDClimate(): 0:00:00.001259
DoMate() and DoOffspring: 0:00:00.040018
The file ind8.csv has been created
Second DoUpdate(): 0:00:00.040383
DoEmigration(): 0:00:00.218332
DoOutMortality(): 0:00:00.015960
The file ind8.csv has been created
Third DoUpdate(): 0:00:00.057556
DoImmigration(): 0:00:00.095757
DoInMortality(): 0:00:00.020017
GetMetrics(): 0:00:00.008711
End Generation/Year Loop8: 0:00:00.499259

DoCDClimate(): 0:00:00.001150
DoMate() and DoOffspring: 0:00:00.025515
The file ind9.csv has been created
Second DoUpdate(): 0:00:00.040944
DoEmigration(): 0:00:00.149325
DoOutMortality(): 0:00:00.015098
The file ind9.csv has been created
Third DoUpdate(): 0:00:00.056509
DoImmigration(): 0:00:00.090263
DoInMortality(): 0:00:00.019824
GetMetrics(): 0:00:00.008579
End Generation/Year Loop9: 0:00:00.408274

The file summary_popAllTime.csv has been created
The file summary_classAllTime.csv has been created
DoPostProcess(): 0:00:00.002781
End Monte Carlo Loop2: 0:00:04.559128

