
CDmetaPOP Release 2025.07.28-09:09:09 Version version 3.08

Author(s): Erin L Landguth, Casey Day, et al.

Session runtime inputs from: Linear/inputs//RunVars.csv


Session popvars inputs from: popvars/PopVars.csv


Parallel processing across Monte Carlo replicates started across 1 cores.


On run: 0


DoPreProcess(): 0:00:00.069497
GetMetrics() Initial: 0:00:00.007831
The file ind-1.csv has been created
DoUpdate(): 0:00:00.029599
DoCDClimate(): 0:00:00.014369
DoMate() and DoOffspring: 0:00:00.089329
The file ind0.csv has been created
Second DoUpdate(): 0:00:00.043954
DoEmigration(): 0:00:00.215337
DoOutMortality(): 0:00:00.014400
The file ind0.csv has been created
Third DoUpdate(): 0:00:00.056298
DoImmigration(): 0:00:00.089762
DoInMortality(): 0:00:00.021979
GetMetrics(): 0:00:00.008847
End Generation/Year Loop0: 0:00:00.577259

DoCDClimate(): 0:00:00.001107
DoMate() and DoOffspring: 0:00:00.037044
The file ind1.csv has been created
Second DoUpdate(): 0:00:00.039605
DoEmigration(): 0:00:00.184717
DoOutMortality(): 0:00:00.017511
The file ind1.csv has been created
Third DoUpdate(): 0:00:00.055423
DoImmigration(): 0:00:00.090842
DoInMortality(): 0:00:00.022917
GetMetrics(): 0:00:00.009106
End Generation/Year Loop1: 0:00:00.459825

DoCDClimate(): 0:00:00.001080
DoMate() and DoOffspring: 0:00:00.045933
The file ind2.csv has been created
Second DoUpdate(): 0:00:00.038090
DoEmigration(): 0:00:00.192735
DoOutMortality(): 0:00:00.016539
The file ind2.csv has been created
Third DoUpdate(): 0:00:00.053887
DoImmigration(): 0:00:00.091314
DoInMortality(): 0:00:00.021913
GetMetrics(): 0:00:00.010660
End Generation/Year Loop2: 0:00:00.473416

DoCDClimate(): 0:00:00.001383
DoMate() and DoOffspring: 0:00:00.036991
The file ind3.csv has been created
Second DoUpdate(): 0:00:00.033740
DoEmigration(): 0:00:00.178753
DoOutMortality(): 0:00:00.016348
The file ind3.csv has been created
Third DoUpdate(): 0:00:00.058931
DoImmigration(): 0:00:00.091318
DoInMortality(): 0:00:00.021634
GetMetrics(): 0:00:00.008639
End Generation/Year Loop3: 0:00:00.448937

DoCDClimate(): 0:00:00.001085
DoMate() and DoOffspring: 0:00:00.047751
The file ind4.csv has been created
Second DoUpdate(): 0:00:00.033093
DoEmigration(): 0:00:00.214831
DoOutMortality(): 0:00:00.016104
The file ind4.csv has been created
Third DoUpdate(): 0:00:00.054547
DoImmigration(): 0:00:00.091749
DoInMortality(): 0:00:00.021901
GetMetrics(): 0:00:00.009651
End Generation/Year Loop4: 0:00:00.492062

DoCDClimate(): 0:00:00.000888
DoMate() and DoOffspring: 0:00:00.025847
The file ind5.csv has been created
Second DoUpdate(): 0:00:00.038680
DoEmigration(): 0:00:00.145263
DoOutMortality(): 0:00:00.017744
The file ind5.csv has been created
Third DoUpdate(): 0:00:00.057043
DoImmigration(): 0:00:00.091174
DoInMortality(): 0:00:00.021779
GetMetrics(): 0:00:00.009604
End Generation/Year Loop5: 0:00:00.409429

DoCDClimate(): 0:00:00.001143
DoMate() and DoOffspring: 0:00:00.065113
The file ind6.csv has been created
Second DoUpdate(): 0:00:00.042441
DoEmigration(): 0:00:00.227477
DoOutMortality(): 0:00:00.017285
The file ind6.csv has been created
Third DoUpdate(): 0:00:00.055049
DoImmigration(): 0:00:00.091301
DoInMortality(): 0:00:00.021294
GetMetrics(): 0:00:00.008142
End Generation/Year Loop6: 0:00:00.530924

DoCDClimate(): 0:00:00.001223
DoMate() and DoOffspring: 0:00:00.030450
The file ind7.csv has been created
Second DoUpdate(): 0:00:00.045574
DoEmigration(): 0:00:00.140845
DoOutMortality(): 0:00:00.016220
The file ind7.csv has been created
Third DoUpdate(): 0:00:00.056471
DoImmigration(): 0:00:00.094447
DoInMortality(): 0:00:00.022523
GetMetrics(): 0:00:00.008359
End Generation/Year Loop7: 0:00:00.417645

DoCDClimate(): 0:00:00.001363
DoMate() and DoOffspring: 0:00:00.066862
The file ind8.csv has been created
Second DoUpdate(): 0:00:00.040427
DoEmigration(): 0:00:00.221734
DoOutMortality(): 0:00:00.017112
The file ind8.csv has been created
Third DoUpdate(): 0:00:00.057295
DoImmigration(): 0:00:00.091925
DoInMortality(): 0:00:00.021712
GetMetrics(): 0:00:00.009113
End Generation/Year Loop8: 0:00:00.529463

DoCDClimate(): 0:00:00.001150
DoMate() and DoOffspring: 0:00:00.021116
The file ind9.csv has been created
Second DoUpdate(): 0:00:00.041760
DoEmigration(): 0:00:00.145954
DoOutMortality(): 0:00:00.016082
The file ind9.csv has been created
Third DoUpdate(): 0:00:00.055558
DoImmigration(): 0:00:00.090090
DoInMortality(): 0:00:00.022860
GetMetrics(): 0:00:00.008477
End Generation/Year Loop9: 0:00:00.404494

The file summary_popAllTime.csv has been created
The file summary_classAllTime.csv has been created
DoPostProcess(): 0:00:00.002858
End Monte Carlo Loop0: 0:00:04.861842

DoPreProcess(): 0:00:00.062815
GetMetrics() Initial: 0:00:00.006799
The file ind-1.csv has been created
DoUpdate(): 0:00:00.038091
DoCDClimate(): 0:00:00.004038
DoMate() and DoOffspring: 0:00:00.054276
The file ind0.csv has been created
Second DoUpdate(): 0:00:00.053472
DoEmigration(): 0:00:00.155279
DoOutMortality(): 0:00:00.010086
The file ind0.csv has been created
Third DoUpdate(): 0:00:00.040427
DoImmigration(): 0:00:00.066002
DoInMortality(): 0:00:00.015840
GetMetrics(): 0:00:00.006391
End Generation/Year Loop0: 0:00:00.442371

DoCDClimate(): 0:00:00.013085
DoMate() and DoOffspring: 0:00:00.031265
The file ind1.csv has been created
Second DoUpdate(): 0:00:00.039178
DoEmigration(): 0:00:00.183910
DoOutMortality(): 0:00:00.017097
The file ind1.csv has been created
Third DoUpdate(): 0:00:00.056973
DoImmigration(): 0:00:00.091192
DoInMortality(): 0:00:00.022821
GetMetrics(): 0:00:00.008979
End Generation/Year Loop1: 0:00:00.471667

DoCDClimate(): 0:00:00.001116
DoMate() and DoOffspring: 0:00:00.042372
The file ind2.csv has been created
Second DoUpdate(): 0:00:00.035784
DoEmigration(): 0:00:00.207914
DoOutMortality(): 0:00:00.016748
The file ind2.csv has been created
Third DoUpdate(): 0:00:00.055882
DoImmigration(): 0:00:00.098918
DoInMortality(): 0:00:00.021617
GetMetrics(): 0:00:00.008825
End Generation/Year Loop2: 0:00:00.489953

DoCDClimate(): 0:00:00.001667
DoMate() and DoOffspring: 0:00:00.030422
The file ind3.csv has been created
Second DoUpdate(): 0:00:00.037807
DoEmigration(): 0:00:00.180255
DoOutMortality(): 0:00:00.017631
The file ind3.csv has been created
Third DoUpdate(): 0:00:00.058961
DoImmigration(): 0:00:00.089480
DoInMortality(): 0:00:00.021871
GetMetrics(): 0:00:00.010970
End Generation/Year Loop3: 0:00:00.449953

DoCDClimate(): 0:00:00.001756
DoMate() and DoOffspring: 0:00:00.042081
The file ind4.csv has been created
Second DoUpdate(): 0:00:00.032207
DoEmigration(): 0:00:00.212206
DoOutMortality(): 0:00:00.016994
The file ind4.csv has been created
Third DoUpdate(): 0:00:00.057305
DoImmigration(): 0:00:00.094520
DoInMortality(): 0:00:00.022164
GetMetrics(): 0:00:00.009441
End Generation/Year Loop4: 0:00:00.489315

DoCDClimate(): 0:00:00.001297
DoMate() and DoOffspring: 0:00:00.031829
The file ind5.csv has been created
Second DoUpdate(): 0:00:00.038765
DoEmigration(): 0:00:00.186846
DoOutMortality(): 0:00:00.017082
The file ind5.csv has been created
Third DoUpdate(): 0:00:00.058710
DoImmigration(): 0:00:00.090586
DoInMortality(): 0:00:00.023130
GetMetrics(): 0:00:00.008939
End Generation/Year Loop5: 0:00:00.458127

DoCDClimate(): 0:00:00.001644
DoMate() and DoOffspring: 0:00:00.037205
The file ind6.csv has been created
Second DoUpdate(): 0:00:00.044869
DoEmigration(): 0:00:00.203556
DoOutMortality(): 0:00:00.016502
The file ind6.csv has been created
Third DoUpdate(): 0:00:00.055881
DoImmigration(): 0:00:00.090703
DoInMortality(): 0:00:00.023115
GetMetrics(): 0:00:00.009528
End Generation/Year Loop6: 0:00:00.483703

DoCDClimate(): 0:00:00.000907
DoMate() and DoOffspring: 0:00:00.033114
The file ind7.csv has been created
Second DoUpdate(): 0:00:00.046303
DoEmigration(): 0:00:00.190219
DoOutMortality(): 0:00:00.017443
The file ind7.csv has been created
Third DoUpdate(): 0:00:00.060943
DoImmigration(): 0:00:00.089889
DoInMortality(): 0:00:00.022870
GetMetrics(): 0:00:00.008671
End Generation/Year Loop7: 0:00:00.471779

DoCDClimate(): 0:00:00.001293
DoMate() and DoOffspring: 0:00:00.037156
The file ind8.csv has been created
Second DoUpdate(): 0:00:00.042106
DoEmigration(): 0:00:00.208846
DoOutMortality(): 0:00:00.017563
The file ind8.csv has been created
Third DoUpdate(): 0:00:00.055503
DoImmigration(): 0:00:00.091272
DoInMortality(): 0:00:00.022799
GetMetrics(): 0:00:00.009079
End Generation/Year Loop8: 0:00:00.486347

DoCDClimate(): 0:00:00.002946
DoMate() and DoOffspring: 0:00:00.030606
The file ind9.csv has been created
Second DoUpdate(): 0:00:00.045768
DoEmigration(): 0:00:00.180399
DoOutMortality(): 0:00:00.017189
The file ind9.csv has been created
Third DoUpdate(): 0:00:00.055900
DoImmigration(): 0:00:00.089467
DoInMortality(): 0:00:00.020926
GetMetrics(): 0:00:00.008824
End Generation/Year Loop9: 0:00:00.452928

The file summary_popAllTime.csv has been created
The file summary_classAllTime.csv has been created
DoPostProcess(): 0:00:00.002396
End Monte Carlo Loop1: 0:00:04.813958

DoPreProcess(): 0:00:00.063108
GetMetrics() Initial: 0:00:00.006787
The file ind-1.csv has been created
DoUpdate(): 0:00:00.035814
DoCDClimate(): 0:00:00.002797
DoMate() and DoOffspring: 0:00:00.053567
The file ind0.csv has been created
Second DoUpdate(): 0:00:00.033824
DoEmigration(): 0:00:00.220064
DoOutMortality(): 0:00:00.013729
The file ind0.csv has been created
Third DoUpdate(): 0:00:00.054164
DoImmigration(): 0:00:00.086989
DoInMortality(): 0:00:00.021046
GetMetrics(): 0:00:00.008202
End Generation/Year Loop0: 0:00:00.500180

DoCDClimate(): 0:00:00.001637
DoMate() and DoOffspring: 0:00:00.021993
The file ind1.csv has been created
Second DoUpdate(): 0:00:00.037487
DoEmigration(): 0:00:00.177538
DoOutMortality(): 0:00:00.021605
The file ind1.csv has been created
Third DoUpdate(): 0:00:00.065187
DoImmigration(): 0:00:00.093838
DoInMortality(): 0:00:00.022894
GetMetrics(): 0:00:00.008034
End Generation/Year Loop1: 0:00:00.451878

DoCDClimate(): 0:00:00.001713
DoMate() and DoOffspring: 0:00:00.051532
The file ind2.csv has been created
Second DoUpdate(): 0:00:00.035176
DoEmigration(): 0:00:00.212552
DoOutMortality(): 0:00:00.016930
The file ind2.csv has been created
Third DoUpdate(): 0:00:00.055388
DoImmigration(): 0:00:00.090504
DoInMortality(): 0:00:00.022167
GetMetrics(): 0:00:00.007989
End Generation/Year Loop2: 0:00:00.496513

DoCDClimate(): 0:00:00.001424
DoMate() and DoOffspring: 0:00:00.026364
The file ind3.csv has been created
Second DoUpdate(): 0:00:00.037095
DoEmigration(): 0:00:00.152913
DoOutMortality(): 0:00:00.017855
The file ind3.csv has been created
Third DoUpdate(): 0:00:00.057545
DoImmigration(): 0:00:00.095903
DoInMortality(): 0:00:00.022566
GetMetrics(): 0:00:00.009306
End Generation/Year Loop3: 0:00:00.422752

DoCDClimate(): 0:00:00.001381
DoMate() and DoOffspring: 0:00:00.058142
The file ind4.csv has been created
Second DoUpdate(): 0:00:00.040125
DoEmigration(): 0:00:00.231779
DoOutMortality(): 0:00:00.017845
The file ind4.csv has been created
Third DoUpdate(): 0:00:00.057574
DoImmigration(): 0:00:00.092307
DoInMortality(): 0:00:00.023001
GetMetrics(): 0:00:00.008607
End Generation/Year Loop4: 0:00:00.532328

DoCDClimate(): 0:00:00.000957
DoMate() and DoOffspring: 0:00:00.019066
The file ind5.csv has been created
Second DoUpdate(): 0:00:00.034132
DoEmigration(): 0:00:00.123492
DoOutMortality(): 0:00:00.017878
The file ind5.csv has been created
Third DoUpdate(): 0:00:00.056973
DoImmigration(): 0:00:00.091391
DoInMortality(): 0:00:00.022810
GetMetrics(): 0:00:00.008653
End Generation/Year Loop5: 0:00:00.376979

DoCDClimate(): 0:00:00.001607
DoMate() and DoOffspring: 0:00:00.070488
The file ind6.csv has been created
Second DoUpdate(): 0:00:00.044326
DoEmigration(): 0:00:00.242559
DoOutMortality(): 0:00:00.017706
The file ind6.csv has been created
Third DoUpdate(): 0:00:00.058339
DoImmigration(): 0:00:00.094602
DoInMortality(): 0:00:00.022016
GetMetrics(): 0:00:00.007845
End Generation/Year Loop6: 0:00:00.561122

DoCDClimate(): 0:00:00.001494
DoMate() and DoOffspring: 0:00:00.036954
The file ind7.csv has been created
Second DoUpdate(): 0:00:00.043528
DoEmigration(): 0:00:00.115034
DoOutMortality(): 0:00:00.016401
The file ind7.csv has been created
Third DoUpdate(): 0:00:00.055461
DoImmigration(): 0:00:00.090753
DoInMortality(): 0:00:00.022618
GetMetrics(): 0:00:00.008245
End Generation/Year Loop7: 0:00:00.392617

DoCDClimate(): 0:00:00.001423
DoMate() and DoOffspring: 0:00:00.072548
The file ind8.csv has been created
Second DoUpdate(): 0:00:00.042568
DoEmigration(): 0:00:00.245747
DoOutMortality(): 0:00:00.016669
The file ind8.csv has been created
Third DoUpdate(): 0:00:00.057332
DoImmigration(): 0:00:00.088145
DoInMortality(): 0:00:00.021738
GetMetrics(): 0:00:00.008408
End Generation/Year Loop8: 0:00:00.555980

DoCDClimate(): 0:00:00.001436
DoMate() and DoOffspring: 0:00:00.014128
The file ind9.csv has been created
Second DoUpdate(): 0:00:00.043536
DoEmigration(): 0:00:00.078667
DoOutMortality(): 0:00:00.017119
The file ind9.csv has been created
Third DoUpdate(): 0:00:00.055550
DoImmigration(): 0:00:00.090148
DoInMortality(): 0:00:00.022243
GetMetrics(): 0:00:00.009192
End Generation/Year Loop9: 0:00:00.332930

The file summary_popAllTime.csv has been created
The file summary_classAllTime.csv has been created
DoPostProcess(): 0:00:00.002876
End Monte Carlo Loop2: 0:00:04.735497

